==> Making package: linux-t2 7.1rc2-1 (Thu May  7 22:10:29 2026)
==> Checking runtime dependencies...
==> Checking buildtime dependencies...
==> Retrieving sources...
  -> Found linux-7.1-rc2.tar.gz
  -> Found config
  -> Found 6001-amdgpu-imac20-panel-mode-quirk.patch
  -> Found 6002-amdgpu-imac20-disable-navi-smu-low-power-features.patch
  -> Found 6003-amdgpu-imac20-retry-smu-enable.patch
  -> Found 6004-amdgpu-imac20-external-no-edid-common-modes.patch
  -> Found 6005-amdgpu-imac20-5k-tiled-display.patch
  -> Found 6006-amdgpu-imac20-force-edp-panel-mode.patch
  -> Found 6007-amdgpu-imac20-efi-panel-handoff.patch
  -> Found 6008-amdgpu-imac20-cap-8bpc.patch
  -> Found 6009-amdgpu-imac20-aux-path-instrumentation.patch
  -> Updating patches git repo...
fatal: unable to access 'https://github.com/t2linux/linux-t2-patches/': Could not resolve host: github.com
==> WARNING: Failure while updating patches git repo
==> Validating source files with sha256sums...
    linux-7.1-rc2.tar.gz ... Skipped
    config ... Skipped
    6001-amdgpu-imac20-panel-mode-quirk.patch ... Skipped
    6002-amdgpu-imac20-disable-navi-smu-low-power-features.patch ... Skipped
    6003-amdgpu-imac20-retry-smu-enable.patch ... Skipped
    6004-amdgpu-imac20-external-no-edid-common-modes.patch ... Skipped
    6005-amdgpu-imac20-5k-tiled-display.patch ... Skipped
    6006-amdgpu-imac20-force-edp-panel-mode.patch ... Skipped
    6007-amdgpu-imac20-efi-panel-handoff.patch ... Skipped
    6008-amdgpu-imac20-cap-8bpc.patch ... Skipped
    6009-amdgpu-imac20-aux-path-instrumentation.patch ... Skipped
    patches ... Skipped
==> Removing existing $srcdir/ directory...
==> Extracting sources...
  -> Extracting linux-7.1-rc2.tar.gz with bsdtar
  -> Creating working copy of patches git repo...
Cloning into 'patches'...
done.
==> Starting prepare()...
Setting version...
  HOSTCC  scripts/basic/fixdep
  HOSTCC  scripts/kconfig/conf.o
  HOSTCC  scripts/kconfig/confdata.o
  HOSTCC  scripts/kconfig/expr.o
  LEX     scripts/kconfig/lexer.lex.c
  YACC    scripts/kconfig/parser.tab.[ch]
  HOSTCC  scripts/kconfig/menu.o
  HOSTCC  scripts/kconfig/parser.tab.o
  HOSTCC  scripts/kconfig/preprocess.o
  HOSTCC  scripts/kconfig/symbol.o
  HOSTCC  scripts/kconfig/util.o
  HOSTCC  scripts/kconfig/lexer.lex.o
  HOSTLD  scripts/kconfig/conf
*** Default configuration is based on 'x86_64_defconfig'
#
# configuration written to .config
#
  CLEAN   scripts/basic
  CLEAN   scripts/kconfig
  CLEAN   include/config include/generated .config
Applying patch 6001-amdgpu-imac20-panel-mode-quirk.patch...
patching file drivers/gpu/drm/amd/display/dc/link/link_factory.c
Hunk #3 succeeded at 556 (offset 19 lines).
Hunk #4 succeeded at 601 (offset 5 lines).
Hunk #5 succeeded at 641 (offset 5 lines).
Hunk #6 succeeded at 768 (offset 11 lines).
Applying patch 6002-amdgpu-imac20-disable-navi-smu-low-power-features.patch...
patching file drivers/gpu/drm/amd/pm/swsmu/smu11/navi10_ppt.c
Hunk #2 succeeded at 78 with fuzz 2 (offset 4 lines).
Hunk #3 succeeded at 383 (offset 4 lines).
Applying patch 6003-amdgpu-imac20-retry-smu-enable.patch...
patching file drivers/gpu/drm/amd/pm/swsmu/smu11/smu_v11_0.c
Hunk #2 succeeded at 700 (offset -75 lines).
Applying patch 6004-amdgpu-imac20-external-no-edid-common-modes.patch...
patching file drivers/gpu/drm/amd/display/amdgpu_dm/amdgpu_dm.c
Hunk #2 succeeded at 158 with fuzz 2 (offset 5 lines).
Hunk #3 succeeded at 9010 with fuzz 1 (offset 80 lines).
Applying patch 6005-amdgpu-imac20-5k-tiled-display.patch...
patching file drivers/gpu/drm/amd/display/amdgpu_dm/amdgpu_dm.c
Hunk #1 succeeded at 101 (offset 2 lines).
Hunk #2 succeeded at 166 (offset 5 lines).
Applying patch 6006-amdgpu-imac20-force-edp-panel-mode.patch...
patching file drivers/gpu/drm/amd/display/dc/link/protocols/link_edp_panel_control.c
Hunk #1 succeeded at 41 (offset 1 line).
Hunk #2 succeeded at 88 (offset -6 lines).
Hunk #3 succeeded at 138 with fuzz 1 (offset -37 lines).
Applying patch 6007-amdgpu-imac20-efi-panel-handoff.patch...
patching file drivers/gpu/drm/amd/display/amdgpu_dm/amdgpu_dm.c
Hunk #2 succeeded at 798 with fuzz 2 (offset 74 lines).
Hunk #3 succeeded at 2082 (offset -404 lines).
Applying patch 6008-amdgpu-imac20-cap-8bpc.patch...
patching file drivers/gpu/drm/amd/display/amdgpu_dm/amdgpu_dm.c
Hunk #1 succeeded at 9347 (offset 279 lines).
Applying patch 6009-amdgpu-imac20-aux-path-instrumentation.patch...
patching file drivers/gpu/drm/amd/display/amdgpu_dm/amdgpu_dm_mst_types.c
Hunk #2 succeeded at 43 (offset -2 lines).
Hunk #3 succeeded at 54 (offset -1 lines).
Hunk #5 succeeded at 97 (offset -3 lines).
Applying patch 1001-Add-apple-bce-driver.patch...
patching file drivers/staging/apple-bce/Makefile
patching file drivers/staging/apple-bce/apple_bce.c
patching file drivers/staging/apple-bce/apple_bce.h
patching file drivers/staging/apple-bce/audio/audio.c
patching file drivers/staging/apple-bce/audio/audio.h
patching file drivers/staging/apple-bce/audio/description.h
patching file drivers/staging/apple-bce/audio/pcm.c
patching file drivers/staging/apple-bce/audio/pcm.h
patching file drivers/staging/apple-bce/audio/protocol.c
patching file drivers/staging/apple-bce/audio/protocol.h
patching file drivers/staging/apple-bce/audio/protocol_bce.c
patching file drivers/staging/apple-bce/audio/protocol_bce.h
patching file drivers/staging/apple-bce/mailbox.c
patching file drivers/staging/apple-bce/mailbox.h
patching file drivers/staging/apple-bce/queue.c
patching file drivers/staging/apple-bce/queue.h
patching file drivers/staging/apple-bce/queue_dma.c
patching file drivers/staging/apple-bce/queue_dma.h
patching file drivers/staging/apple-bce/vhci/command.h
patching file drivers/staging/apple-bce/vhci/queue.c
patching file drivers/staging/apple-bce/vhci/queue.h
patching file drivers/staging/apple-bce/vhci/transfer.c
patching file drivers/staging/apple-bce/vhci/transfer.h
patching file drivers/staging/apple-bce/vhci/vhci.c
patching file drivers/staging/apple-bce/vhci/vhci.h
Applying patch 1002-Put-apple-bce-in-drivers-staging.patch...
patching file drivers/staging/Kconfig
patching file drivers/staging/Makefile
patching file drivers/staging/apple-bce/Kconfig
patching file drivers/staging/apple-bce/Makefile
Applying patch 2008-i915-4-lane-quirk-for-mbp15-1.patch...
patching file drivers/gpu/drm/i915/display/intel_ddi.c
Hunk #1 succeeded at 4926 (offset 233 lines).
patching file drivers/gpu/drm/i915/display/intel_quirks.c
Hunk #1 succeeded at 66 (offset 2 lines).
Hunk #2 succeeded at 262 (offset 21 lines).
patching file drivers/gpu/drm/i915/display/intel_quirks.h
Hunk #1 succeeded at 20 with fuzz 3.
Applying patch 2009-apple-gmux-allow-switching-to-igpu-at-probe.patch...
patching file drivers/gpu/drm/amd/amdgpu/amdgpu_drv.c
Hunk #1 succeeded at 2370 (offset 319 lines).
patching file drivers/gpu/vga/vga_switcheroo.c
patching file drivers/pci/vgaarb.c
patching file drivers/platform/x86/apple-gmux.c
Applying patch 3001-applesmc-convert-static-structures-to-drvdata.patch...
patching file drivers/hwmon/applesmc.c
Applying patch 3002-applesmc-make-io-port-base-addr-dynamic.patch...
patching file drivers/hwmon/applesmc.c
Applying patch 3003-applesmc-switch-to-acpi_device-from-platform.patch...
patching file drivers/hwmon/applesmc.c
Applying patch 3004-applesmc-key-interface-wrappers.patch...
patching file drivers/hwmon/applesmc.c
Applying patch 3005-applesmc-basic-mmio-interface-implementation.patch...
patching file drivers/hwmon/applesmc.c
Applying patch 3006-applesmc-fan-support-on-T2-Macs.patch...
patching file drivers/hwmon/applesmc.c
Applying patch 3007-applesmc-Add-iMacPro-to-applesmc_whitelist.patch...
patching file drivers/hwmon/applesmc.c
Applying patch 3008-applesmc-make-applesmc_remove-void.patch...
patching file drivers/hwmon/applesmc.c
Applying patch 3009-applesmc-battery-charge-limiter.patch...
patching file drivers/hwmon/applesmc.c
Applying patch 4001-asahi-trackpad.patch...
patching file drivers/hid/hid-core.c
Hunk #1 succeeded at 2324 (offset 8 lines).
patching file drivers/hid/hid-ids.h
Hunk #1 succeeded at 96 (offset 3 lines).
Hunk #2 succeeded at 201 (offset 3 lines).
patching file include/linux/hid.h
Hunk #2 succeeded at 821 (offset 33 lines).
patching file drivers/hid/hid-ids.h
Hunk #1 succeeded at 97 (offset 3 lines).
Hunk #2 succeeded at 206 (offset 3 lines).
patching file drivers/hid/hid-core.c
Hunk #1 succeeded at 2327 (offset 8 lines).
patching file drivers/hid/hid-core.c
Hunk #1 succeeded at 471 (offset 3 lines).
patching file drivers/hid/Kconfig
Hunk #1 succeeded at 139 (offset 1 line).
patching file drivers/hid/hid-apple.c
Hunk #1 succeeded at 522 (offset 3 lines).
Hunk #2 succeeded at 953 (offset 5 lines).
Hunk #3 succeeded at 1235 (offset 5 lines).
patching file drivers/hid/hid-apple.c
Hunk #1 succeeded at 522 (offset 3 lines).
Hunk #2 succeeded at 954 (offset 5 lines).
Hunk #3 succeeded at 1238 (offset 5 lines).
patching file drivers/hid/hid-magicmouse.c
patching file drivers/hid/hid-magicmouse.c
patching file drivers/hid/hid-magicmouse.c
Hunk #6 succeeded at 894 (offset 2 lines).
patching file drivers/hid/Kconfig
Hunk #1 succeeded at 740 (offset 12 lines).
patching file drivers/hid/hid-magicmouse.c
Hunk #7 succeeded at 1126 (offset 2 lines).
Hunk #8 succeeded at 1204 (offset 2 lines).
patching file drivers/hid/hid-magicmouse.c
Hunk #6 succeeded at 1145 (offset 2 lines).
Hunk #7 succeeded at 1157 (offset 2 lines).
Hunk #8 succeeded at 1228 (offset 2 lines).
Hunk #9 succeeded at 1252 (offset 2 lines).
patching file drivers/hid/hid-magicmouse.c
patching file drivers/hid/hid-magicmouse.c
Hunk #7 succeeded at 1237 (offset 2 lines).
Hunk #8 succeeded at 1334 (offset 2 lines).
patching file drivers/hid/hid-magicmouse.c
patching file drivers/hid/Kconfig
Hunk #1 succeeded at 1475 (offset 18 lines).
patching file drivers/hid/Makefile
Hunk #1 succeeded at 177 (offset 3 lines).
patching file drivers/hid/spi-hid/Kconfig
patching file drivers/hid/spi-hid/Makefile
patching file drivers/hid/spi-hid/spi-hid-apple-core.c
patching file drivers/hid/spi-hid/spi-hid-apple-of.c
patching file drivers/hid/spi-hid/spi-hid-apple.h
patching file drivers/soc/apple/Kconfig
patching file drivers/soc/apple/Makefile
patching file drivers/soc/apple/dockchannel.c
patching file include/linux/soc/apple/dockchannel.h
patching file drivers/hid/Kconfig
Hunk #1 succeeded at 1477 (offset 18 lines).
patching file drivers/hid/Makefile
Hunk #1 succeeded at 177 (offset 3 lines).
patching file drivers/hid/dockchannel-hid/Kconfig
patching file drivers/hid/dockchannel-hid/Makefile
patching file drivers/hid/dockchannel-hid/dockchannel-hid.c
patching file drivers/soc/apple/Kconfig
patching file drivers/soc/apple/Makefile
patching file drivers/soc/apple/rtkit-helper.c
Applying patch 4002-HID-apple-ensure-the-keyboard-backlight-is-off-if-su.patch...
patching file drivers/hid/hid-apple.c
Reversed (or previously applied) patch detected!  Skipping patch.
2 out of 2 hunks ignored -- saving rejects to file drivers/hid/hid-apple.c.rej
Patch 4002-HID-apple-ensure-the-keyboard-backlight-is-off-if-su.patch already present; skipping
Applying patch 4003-HID-apple-ignore-the-trackpad-on-T2-Macs.patch...
patching file drivers/hid/hid-apple.c
Hunk #2 succeeded at 958 (offset 7 lines).
Hunk #3 succeeded at 1183 (offset 7 lines).
Applying patch 4004-HID-magicmouse-Add-support-for-trackpads-found-on-T2.patch...
patching file drivers/hid/hid-magicmouse.c
Hunk #9 succeeded at 1364 (offset 5 lines).
Hunk #10 succeeded at 1471 (offset 7 lines).
Hunk #11 succeeded at 1497 (offset 7 lines).
Hunk #12 succeeded at 1584 (offset 7 lines).
Hunk #13 succeeded at 1705 (offset 5 lines).
Applying patch 4005-HID-magicmouse-fix-regression-breaking-support-for-M.patch...
patching file drivers/hid/hid-magicmouse.c
Hunk #1 succeeded at 1596 (offset 7 lines).
Hunk #2 succeeded at 1604 (offset 7 lines).
Applying patch 7001-drm-i915-fbdev-Discard-BIOS-framebuffers-exceeding-h.patch...
patching file drivers/gpu/drm/i915/display/intel_fbdev.c
Hunk #1 succeeded at 277 (offset 53 lines).
Applying patch 8001-Add-APFS-driver.patch...
patching file fs/apfs/Makefile
patching file fs/apfs/apfs.h
patching file fs/apfs/apfs_raw.h
patching file fs/apfs/btree.c
patching file fs/apfs/compress.c
patching file fs/apfs/dir.c
patching file fs/apfs/extents.c
patching file fs/apfs/file.c
patching file fs/apfs/inode.c
patching file fs/apfs/key.c
patching file fs/apfs/libzbitmap.c
patching file fs/apfs/libzbitmap.h
patching file fs/apfs/lzfse/lzfse.h
patching file fs/apfs/lzfse/lzfse_decode.c
patching file fs/apfs/lzfse/lzfse_decode_base.c
patching file fs/apfs/lzfse/lzfse_fse.c
patching file fs/apfs/lzfse/lzfse_fse.h
patching file fs/apfs/lzfse/lzfse_internal.h
patching file fs/apfs/lzfse/lzvn_decode_base.c
patching file fs/apfs/lzfse/lzvn_decode_base.h
patching file fs/apfs/message.c
patching file fs/apfs/namei.c
patching file fs/apfs/node.c
patching file fs/apfs/object.c
patching file fs/apfs/snapshot.c
patching file fs/apfs/spaceman.c
patching file fs/apfs/super.c
patching file fs/apfs/symlink.c
patching file fs/apfs/transaction.c
patching file fs/apfs/unicode.c
patching file fs/apfs/unicode.h
patching file fs/apfs/version.h
patching file fs/apfs/xattr.c
patching file fs/apfs/xfield.c
Applying patch 8002-Necessary-modifications-to-build-APFS-with-the-kerne.patch...
patching file fs/Kconfig
Hunk #1 succeeded at 313 (offset -8 lines).
patching file fs/Makefile
patching file fs/apfs/Kconfig
patching file fs/apfs/Makefile
Setting config...
  HOSTCC  scripts/basic/fixdep
  HOSTCC  scripts/kconfig/conf.o
  HOSTCC  scripts/kconfig/confdata.o
  HOSTCC  scripts/kconfig/expr.o
  LEX     scripts/kconfig/lexer.lex.c
  YACC    scripts/kconfig/parser.tab.[ch]
  HOSTCC  scripts/kconfig/menu.o
  HOSTCC  scripts/kconfig/parser.tab.o
  HOSTCC  scripts/kconfig/preprocess.o
  HOSTCC  scripts/kconfig/symbol.o
  HOSTCC  scripts/kconfig/util.o
  HOSTCC  scripts/kconfig/lexer.lex.o
  HOSTLD  scripts/kconfig/conf
.config:11160:warning: symbol value 'm' invalid for MULTIPLEXER
.config:12347:warning: symbol value 'n' invalid for BOOTPARAM_SOFTLOCKUP_PANIC
.config:12626:warning: override: reassigning to symbol APPLE_GMUX
.config:12627:warning: override: reassigning to symbol BRCMFMAC
.config:12628:warning: override: reassigning to symbol BT_BCM
.config:12629:warning: override: reassigning to symbol BT_HCIBCM4377
.config:12630:warning: override: reassigning to symbol BT_HCIUART_BCM
.config:12631:warning: override: reassigning to symbol BT_HCIUART
.config:12632:warning: override: reassigning to symbol HID_APPLETB_BL
.config:12633:warning: override: reassigning to symbol HID_APPLETB_KBD
.config:12634:warning: override: reassigning to symbol HID_APPLE
.config:12635:warning: override: reassigning to symbol HID_MAGICMOUSE
.config:12636:warning: override: reassigning to symbol DRM_APPLETBDRM
.config:12638:warning: override: reassigning to symbol HID_SENSOR_ALS
.config:12639:warning: override: reassigning to symbol SENSORS_APPLESMC
.config:12640:warning: override: reassigning to symbol SND_PCM
.config:12641:warning: override: reassigning to symbol STAGING
#
# configuration written to .config
#
--- ../config	2026-04-25 11:40:53.188778545 +0530
+++ .config	2026-05-07 22:10:45.924489986 +0530
@@ -1,6 +1,6 @@
 #
 # Automatically generated file; DO NOT EDIT.
-# Linux/x86 6.19.14-arch1 Kernel Configuration
+# Linux/x86 7.1.0-rc2 Kernel Configuration
 #
 CONFIG_CC_VERSION_TEXT="gcc (GCC) 15.2.1 20260209"
 CONFIG_CC_IS_GCC=y
@@ -14,6 +14,7 @@
 CONFIG_RUSTC_VERSION=109500
 CONFIG_RUST_IS_AVAILABLE=y
 CONFIG_RUSTC_LLVM_VERSION=220103
+CONFIG_RUSTC_LLVM_MAJOR_VERSION=22
 CONFIG_CC_CAN_LINK=y
 CONFIG_CC_HAS_ASM_GOTO_OUTPUT=y
 CONFIG_CC_HAS_ASM_GOTO_TIED_OUTPUT=y
@@ -24,8 +25,6 @@
 CONFIG_CC_HAS_COUNTED_BY=y
 CONFIG_CC_HAS_MULTIDIMENSIONAL_NONSTRING=y
 CONFIG_LD_CAN_USE_KEEP_IN_OVERLAY=y
-CONFIG_RUSTC_HAS_SLICE_AS_FLATTENED=y
-CONFIG_RUSTC_HAS_COERCE_POINTEE=y
 CONFIG_RUSTC_HAS_SPAN_FILE=y
 CONFIG_RUSTC_HAS_UNNECESSARY_TRANSMUTES=y
 CONFIG_RUSTC_HAS_FILE_WITH_NUL=y
@@ -96,12 +95,16 @@
 
 CONFIG_CLOCKSOURCE_WATCHDOG=y
 CONFIG_ARCH_CLOCKSOURCE_INIT=y
+CONFIG_ARCH_WANTS_CLOCKSOURCE_READ_INLINE=y
 CONFIG_GENERIC_TIME_VSYSCALL=y
 CONFIG_GENERIC_CLOCKEVENTS=y
 CONFIG_GENERIC_CLOCKEVENTS_BROADCAST=y
 CONFIG_GENERIC_CLOCKEVENTS_BROADCAST_IDLE=y
 CONFIG_GENERIC_CLOCKEVENTS_MIN_ADJUST=y
+CONFIG_GENERIC_CLOCKEVENTS_COUPLED=y
+CONFIG_GENERIC_CLOCKEVENTS_COUPLED_INLINE=y
 CONFIG_GENERIC_CMOS_UPDATE=y
+CONFIG_HRTIMER_REARM_DEFERRED=y
 CONFIG_HAVE_POSIX_CPU_TIMERS_TASK_WORK=y
 CONFIG_POSIX_CPU_TIMERS_TASK_WORK=y
 CONFIG_CONTEXT_TRACKING=y
@@ -119,7 +122,6 @@
 # CONFIG_CONTEXT_TRACKING_USER_FORCE is not set
 CONFIG_NO_HZ=y
 CONFIG_HIGH_RES_TIMERS=y
-CONFIG_CLOCKSOURCE_WATCHDOG_MAX_SKEW_US=100
 CONFIG_POSIX_AUX_CLOCKS=y
 # end of Timers subsystem
 
@@ -141,8 +143,6 @@
 
 CONFIG_PREEMPT_BUILD=y
 CONFIG_ARCH_HAS_PREEMPT_LAZY=y
-# CONFIG_PREEMPT_NONE is not set
-# CONFIG_PREEMPT_VOLUNTARY is not set
 CONFIG_PREEMPT=y
 # CONFIG_PREEMPT_LAZY is not set
 CONFIG_PREEMPT_COUNT=y
@@ -186,6 +186,7 @@
 CONFIG_TASKS_RUDE_RCU=y
 # CONFIG_FORCE_TASKS_TRACE_RCU is not set
 CONFIG_TASKS_TRACE_RCU=y
+CONFIG_TASKS_TRACE_RCU_NO_MB=y
 CONFIG_RCU_STALL_COMMON=y
 CONFIG_RCU_NEED_SEGCBLIST=y
 CONFIG_RCU_FANOUT=64
@@ -196,7 +197,6 @@
 CONFIG_RCU_NOCB_CPU=y
 # CONFIG_RCU_NOCB_CPU_DEFAULT_ALL is not set
 # CONFIG_RCU_NOCB_CPU_CB_BOOST is not set
-# CONFIG_TASKS_TRACE_RCU_READ_MB is not set
 CONFIG_RCU_LAZY=y
 # CONFIG_RCU_LAZY_DEFAULT_OFF is not set
 CONFIG_RCU_DOUBLE_CHECK_CB_TIME=y
@@ -221,6 +221,7 @@
 CONFIG_ARCH_WANT_BATCHED_UNMAP_TLB_FLUSH=y
 CONFIG_CC_HAS_INT128=y
 CONFIG_CC_IMPLICIT_FALLTHROUGH="-Wimplicit-fallthrough=5"
+CONFIG_CC_MS_EXTENSIONS="-fms-extensions"
 CONFIG_GCC10_NO_ARRAY_BOUNDS=y
 CONFIG_CC_NO_ARRAY_BOUNDS=y
 CONFIG_GCC_NO_STRINGOP_OVERFLOW=y
@@ -243,6 +244,7 @@
 CONFIG_CFS_BANDWIDTH=y
 # CONFIG_RT_GROUP_SCHED is not set
 CONFIG_EXT_GROUP_SCHED=y
+CONFIG_EXT_SUB_SCHED=y
 CONFIG_SCHED_MM_CID=y
 CONFIG_UCLAMP_TASK_GROUP=y
 CONFIG_CGROUP_PIDS=y
@@ -262,6 +264,7 @@
 CONFIG_NAMESPACES=y
 CONFIG_UTS_NS=y
 CONFIG_TIME_NS=y
+CONFIG_TIME_NS_VDSO=y
 CONFIG_IPC_NS=y
 CONFIG_USER_NS=y
 CONFIG_PID_NS=y
@@ -317,6 +320,7 @@
 CONFIG_MEMBARRIER=y
 CONFIG_KCMP=y
 CONFIG_RSEQ=y
+# CONFIG_RSEQ_SLICE_EXTENSION is not set
 CONFIG_CACHESTAT_SYSCALL=y
 CONFIG_KALLSYMS=y
 # CONFIG_KALLSYMS_SELFTEST is not set
@@ -325,6 +329,7 @@
 CONFIG_ARCH_SUPPORTS_MSEAL_SYSTEM_MAPPINGS=y
 CONFIG_HAVE_PERF_EVENTS=y
 CONFIG_GUEST_PERF_EVENTS=y
+CONFIG_PERF_GUEST_MEDIATED_PMU=y
 
 #
 # Kernel Performance Events And Counters
@@ -367,6 +372,7 @@
 CONFIG_KEXEC_HANDOVER_DEBUGFS=y
 # CONFIG_KEXEC_HANDOVER_ENABLE_DEFAULT is not set
 CONFIG_LIVEUPDATE=y
+CONFIG_LIVEUPDATE_MEMFD=y
 # end of Live Update and Kexec HandOver
 # end of General setup
 
@@ -417,7 +423,6 @@
 CONFIG_HYPERVISOR_GUEST=y
 CONFIG_PARAVIRT=y
 CONFIG_PARAVIRT_XXL=y
-# CONFIG_PARAVIRT_DEBUG is not set
 CONFIG_PARAVIRT_SPINLOCKS=y
 CONFIG_X86_HV_CALLBACK_VECTOR=y
 CONFIG_XEN=y
@@ -681,7 +686,7 @@
 CONFIG_ACPI_HOTPLUG_CPU=y
 CONFIG_ACPI_PROCESSOR_AGGREGATOR=m
 CONFIG_ACPI_THERMAL=y
-CONFIG_ACPI_PLATFORM_PROFILE=m
+CONFIG_ACPI_PLATFORM_PROFILE=y
 CONFIG_ARCH_HAS_ACPI_TABLE_UPGRADE=y
 CONFIG_ACPI_TABLE_UPGRADE=y
 CONFIG_ACPI_DEBUG=y
@@ -705,6 +710,7 @@
 CONFIG_ACPI_APEI_MEMORY_FAILURE=y
 CONFIG_ACPI_APEI_EINJ=m
 CONFIG_ACPI_APEI_EINJ_CXL=y
+# CONFIG_ACPI_APEI_GHES_NVIDIA is not set
 CONFIG_ACPI_APEI_ERST_DEBUG=m
 CONFIG_ACPI_DPTF=y
 CONFIG_DPTF_POWER=m
@@ -754,6 +760,7 @@
 CONFIG_X86_PCC_CPUFREQ=m
 CONFIG_X86_AMD_PSTATE=y
 CONFIG_X86_AMD_PSTATE_DEFAULT_MODE=3
+# CONFIG_X86_AMD_PSTATE_DYNAMIC_EPP is not set
 CONFIG_X86_AMD_PSTATE_UT=m
 CONFIG_X86_ACPI_CPUFREQ=m
 CONFIG_X86_ACPI_CPUFREQ_CPB=y
@@ -827,7 +834,6 @@
 CONFIG_VIRT_XFER_TO_GUEST_WORK=y
 CONFIG_HAVE_KVM_PM_NOTIFIER=y
 CONFIG_KVM_GENERIC_HARDWARE_ENABLING=y
-CONFIG_KVM_GENERIC_MMU_NOTIFIER=y
 CONFIG_KVM_ELIDE_TLB_FLUSH_IF_YOUNG=y
 CONFIG_KVM_MMU_LOCKLESS_AGING=y
 CONFIG_KVM_GENERIC_MEMORY_ATTRIBUTES=y
@@ -970,6 +976,7 @@
 CONFIG_HAVE_CONTEXT_TRACKING_USER_OFFSTACK=y
 CONFIG_HAVE_VIRT_CPU_ACCOUNTING_GEN=y
 CONFIG_HAVE_IRQ_TIME_ACCOUNTING=y
+CONFIG_HAVE_PV_STEAL_CLOCK_GEN=y
 CONFIG_HAVE_MOVE_PUD=y
 CONFIG_HAVE_MOVE_PMD=y
 CONFIG_HAVE_ARCH_TRANSPARENT_HUGEPAGE=y
@@ -1056,6 +1063,7 @@
 CONFIG_CC_HAS_MIN_FUNCTION_ALIGNMENT=y
 CONFIG_CC_HAS_SANE_FUNCTION_ALIGNMENT=y
 CONFIG_ARCH_HAS_CPU_ATTACK_VECTORS=y
+CONFIG_HAVE_ARCH_GET_SECUREBOOT=y
 # end of General architecture-dependent options
 
 CONFIG_RT_MUTEXES=y
@@ -1072,7 +1080,6 @@
 CONFIG_MODULE_SIG=y
 # CONFIG_MODULE_SIG_FORCE is not set
 CONFIG_MODULE_SIG_ALL=y
-# CONFIG_MODULE_SIG_SHA1 is not set
 # CONFIG_MODULE_SIG_SHA256 is not set
 # CONFIG_MODULE_SIG_SHA384 is not set
 CONFIG_MODULE_SIG_SHA512=y
@@ -1219,7 +1226,6 @@
 CONFIG_SLAB_FREELIST_HARDENED=y
 CONFIG_SLAB_BUCKETS=y
 # CONFIG_SLUB_STATS is not set
-CONFIG_SLUB_CPU_PARTIAL=y
 # CONFIG_RANDOM_KMALLOC_CACHES is not set
 # end of Slab allocator options
 
@@ -1241,7 +1247,6 @@
 CONFIG_EXCLUSIVE_SYSTEM_RAM=y
 CONFIG_HAVE_BOOTMEM_INFO_NODE=y
 CONFIG_ARCH_ENABLE_MEMORY_HOTPLUG=y
-CONFIG_ARCH_ENABLE_MEMORY_HOTREMOVE=y
 CONFIG_MEMORY_HOTPLUG=y
 # CONFIG_MHP_DEFAULT_ONLINE_TYPE_OFFLINE is not set
 CONFIG_MHP_DEFAULT_ONLINE_TYPE_ONLINE_AUTO=y
@@ -1253,11 +1258,12 @@
 CONFIG_SPLIT_PTE_PTLOCKS=y
 CONFIG_ARCH_ENABLE_SPLIT_PMD_PTLOCK=y
 CONFIG_SPLIT_PMD_PTLOCKS=y
-CONFIG_MEMORY_BALLOON=y
-CONFIG_BALLOON_COMPACTION=y
+CONFIG_BALLOON=y
+CONFIG_BALLOON_MIGRATION=y
 CONFIG_COMPACTION=y
 CONFIG_COMPACT_UNEVICTABLE_DEFAULT=1
 CONFIG_PAGE_REPORTING=y
+CONFIG_NUMA_MIGRATION=y
 CONFIG_MIGRATION=y
 CONFIG_DEVICE_MIGRATION=y
 CONFIG_ARCH_ENABLE_HUGEPAGE_MIGRATION=y
@@ -1348,14 +1354,15 @@
 CONFIG_NUMA_MEMBLKS=y
 # CONFIG_NUMA_EMU is not set
 CONFIG_ARCH_HAS_USER_SHADOW_STACK=y
-CONFIG_ARCH_SUPPORTS_PT_RECLAIM=y
 CONFIG_PT_RECLAIM=y
 CONFIG_FIND_NORMAL_PAGE=y
+CONFIG_ARCH_HAS_LAZY_MMU_MODE=y
 
 #
 # Data Access Monitoring
 #
 CONFIG_DAMON=y
+# CONFIG_DAMON_DEBUG_SANITY is not set
 CONFIG_DAMON_VADDR=y
 CONFIG_DAMON_PADDR=y
 CONFIG_DAMON_SYSFS=y
@@ -1545,7 +1552,6 @@
 CONFIG_NF_CONNTRACK_OVS=y
 CONFIG_NF_CT_PROTO_GRE=y
 CONFIG_NF_CT_PROTO_SCTP=y
-CONFIG_NF_CT_PROTO_UDPLITE=y
 CONFIG_NF_CONNTRACK_AMANDA=m
 CONFIG_NF_CONNTRACK_FTP=m
 CONFIG_NF_CONNTRACK_H323=m
@@ -1887,10 +1893,6 @@
 CONFIG_TIPC_CRYPTO=y
 CONFIG_TIPC_DIAG=m
 CONFIG_ATM=m
-CONFIG_ATM_CLIP=m
-# CONFIG_ATM_CLIP_NO_ICMP is not set
-CONFIG_ATM_LANE=m
-CONFIG_ATM_MPOA=m
 CONFIG_ATM_BR2684=m
 # CONFIG_ATM_BR2684_IPFILTER is not set
 CONFIG_L2TP=m
@@ -1920,6 +1922,7 @@
 CONFIG_NET_DSA_TAG_DSA=m
 CONFIG_NET_DSA_TAG_EDSA=m
 CONFIG_NET_DSA_TAG_MTK=m
+# CONFIG_NET_DSA_TAG_MXL_862XX is not set
 CONFIG_NET_DSA_TAG_MXL_GSW1XX=m
 CONFIG_NET_DSA_TAG_KSZ=m
 CONFIG_NET_DSA_TAG_OCELOT=m
@@ -2118,28 +2121,6 @@
 # end of Network testing
 # end of Networking options
 
-CONFIG_HAMRADIO=y
-
-#
-# Packet Radio protocols
-#
-CONFIG_AX25=m
-CONFIG_AX25_DAMA_SLAVE=y
-CONFIG_NETROM=m
-CONFIG_ROSE=m
-
-#
-# AX.25 network device drivers
-#
-CONFIG_MKISS=m
-CONFIG_6PACK=m
-CONFIG_BPQETHER=m
-CONFIG_BAYCOM_SER_FDX=m
-CONFIG_BAYCOM_SER_HDX=m
-CONFIG_BAYCOM_PAR=m
-CONFIG_YAM=m
-# end of AX.25 network device drivers
-
 CONFIG_CAN=m
 CONFIG_CAN_RAW=m
 CONFIG_CAN_BCM=m
@@ -2261,7 +2242,6 @@
 CONFIG_NET_9P_USBG=m
 CONFIG_NET_9P_RDMA=m
 # CONFIG_NET_9P_DEBUG is not set
-# CONFIG_CAIF is not set
 CONFIG_CEPH_LIB=m
 CONFIG_CEPH_LIB_PRETTYDEBUG=y
 CONFIG_CEPH_LIB_USE_DNS_RESOLVER=y
@@ -2338,7 +2318,6 @@
 CONFIG_HOTPLUG_PCI_PCIE=y
 CONFIG_PCIEAER=y
 CONFIG_PCIEAER_INJECT=m
-CONFIG_PCIEAER_CXL=y
 CONFIG_PCIE_ECRC=y
 CONFIG_PCIEASPM=y
 CONFIG_PCIEASPM_DEFAULT=y
@@ -2428,7 +2407,7 @@
 # end of PCI switch controller drivers
 
 CONFIG_PCI_PWRCTRL=m
-CONFIG_PCI_PWRCTRL_SLOT=m
+# CONFIG_PCI_PWRCTRL_GENERIC is not set
 CONFIG_PCI_PWRCTRL_TC9563=m
 CONFIG_CXL_BUS=m
 CONFIG_CXL_PCI=m
@@ -2442,6 +2421,8 @@
 CONFIG_CXL_REGION=y
 # CONFIG_CXL_REGION_INVALIDATION_TEST is not set
 CONFIG_CXL_MCE=y
+CONFIG_CXL_RAS=y
+CONFIG_CXL_ATL=y
 CONFIG_PCCARD=m
 CONFIG_PCMCIA=m
 CONFIG_PCMCIA_LOAD_CIS=y
@@ -2457,7 +2438,6 @@
 CONFIG_YENTA_ENE_TUNE=y
 CONFIG_YENTA_TOSHIBA=y
 CONFIG_PD6729=m
-CONFIG_I82092=m
 CONFIG_PCCARD_NONSTATIC=y
 # CONFIG_RAPIDIO is not set
 
@@ -2469,6 +2449,7 @@
 CONFIG_DEVTMPFS=y
 CONFIG_DEVTMPFS_MOUNT=y
 CONFIG_DEVTMPFS_SAFE=y
+CONFIG_DRIVER_DEFERRED_PROBE_TIMEOUT=10
 CONFIG_STANDALONE=y
 CONFIG_PREVENT_FIRMWARE_BUILD=y
 
@@ -2608,6 +2589,7 @@
 # end of Firmware Drivers
 
 CONFIG_FWCTL=m
+# CONFIG_FWCTL_BNXT is not set
 CONFIG_FWCTL_MLX5=m
 CONFIG_FWCTL_PDS=m
 CONFIG_GNSS=m
@@ -2646,6 +2628,7 @@
 CONFIG_MTD_PSTORE=m
 # CONFIG_MTD_SWAP is not set
 CONFIG_MTD_PARTITIONED_MASTER=y
+# CONFIG_MTD_VIRT_CONCAT is not set
 
 #
 # RAM/ROM/Flash chip drivers
@@ -2901,6 +2884,7 @@
 CONFIG_INTEL_MEI_ME=m
 CONFIG_INTEL_MEI_TXE=m
 CONFIG_INTEL_MEI_GSC=m
+# CONFIG_INTEL_MEI_CSC is not set
 CONFIG_INTEL_MEI_VSC_HW=m
 CONFIG_INTEL_MEI_VSC=m
 CONFIG_INTEL_MEI_LB=m
@@ -3329,27 +3313,6 @@
 CONFIG_SUNGEM_PHY=m
 # CONFIG_ARCNET is not set
 CONFIG_ATM_DRIVERS=y
-# CONFIG_ATM_DUMMY is not set
-CONFIG_ATM_TCP=m
-CONFIG_ATM_LANAI=m
-CONFIG_ATM_ENI=m
-# CONFIG_ATM_ENI_DEBUG is not set
-# CONFIG_ATM_ENI_TUNE_BURST is not set
-CONFIG_ATM_NICSTAR=m
-# CONFIG_ATM_NICSTAR_USE_SUNI is not set
-# CONFIG_ATM_NICSTAR_USE_IDT77105 is not set
-CONFIG_ATM_IDT77252=m
-# CONFIG_ATM_IDT77252_DEBUG is not set
-# CONFIG_ATM_IDT77252_RCV_ALL is not set
-CONFIG_ATM_IDT77252_USE_SUNI=y
-CONFIG_ATM_IA=m
-# CONFIG_ATM_IA_DEBUG is not set
-CONFIG_ATM_FORE200E=m
-CONFIG_ATM_FORE200E_USE_TASKLET=y
-CONFIG_ATM_FORE200E_TX_RETRY=16
-CONFIG_ATM_FORE200E_DEBUG=0
-CONFIG_ATM_HE=m
-CONFIG_ATM_HE_USE_SUNI=y
 CONFIG_ATM_SOLOS=m
 
 #
@@ -3379,6 +3342,7 @@
 CONFIG_NET_DSA_MV88E6XXX=m
 CONFIG_NET_DSA_MV88E6XXX_PTP=y
 CONFIG_NET_DSA_MV88E6XXX_LEDS=y
+# CONFIG_NET_DSA_MXL862 is not set
 CONFIG_NET_DSA_MSCC_FELIX_DSA_LIB=m
 CONFIG_NET_DSA_MSCC_OCELOT_EXT=m
 CONFIG_NET_DSA_MSCC_SEVILLE=m
@@ -3406,8 +3370,6 @@
 CONFIG_ETHERNET=y
 CONFIG_MDIO=m
 CONFIG_NET_VENDOR_3COM=y
-CONFIG_PCMCIA_3C574=m
-CONFIG_PCMCIA_3C589=m
 CONFIG_VORTEX=m
 CONFIG_TYPHOON=m
 CONFIG_NET_VENDOR_ADAPTEC=y
@@ -3416,16 +3378,12 @@
 CONFIG_ET131X=m
 CONFIG_NET_VENDOR_ALACRITECH=y
 CONFIG_SLICOSS=m
-CONFIG_NET_VENDOR_ALTEON=y
-CONFIG_ACENIC=m
-# CONFIG_ACENIC_OMIT_TIGON_I is not set
 CONFIG_ALTERA_TSE=m
 CONFIG_NET_VENDOR_AMAZON=y
 CONFIG_ENA_ETHERNET=m
 CONFIG_NET_VENDOR_AMD=y
 CONFIG_AMD8111_ETH=m
 CONFIG_PCNET32=m
-CONFIG_PCMCIA_NMCLAN=m
 CONFIG_AMD_XGBE=m
 CONFIG_AMD_XGBE_DCB=y
 CONFIG_AMD_XGBE_HAVE_ECC=y
@@ -3492,7 +3450,6 @@
 CONFIG_NET_VENDOR_CORTINA=y
 CONFIG_NET_VENDOR_DAVICOM=y
 CONFIG_DM9051=m
-CONFIG_DNET=m
 CONFIG_NET_VENDOR_DEC=y
 CONFIG_NET_TULIP=y
 CONFIG_DE2104X=m
@@ -3521,8 +3478,6 @@
 CONFIG_TSNEP=m
 # CONFIG_TSNEP_SELFTESTS is not set
 CONFIG_NET_VENDOR_EZCHIP=y
-CONFIG_NET_VENDOR_FUJITSU=y
-CONFIG_PCMCIA_FMVJ18X=m
 CONFIG_NET_VENDOR_FUNGIBLE=y
 CONFIG_FUN_CORE=m
 CONFIG_FUN_ETH=m
@@ -3649,8 +3604,6 @@
 CONFIG_NET_VENDOR_NATSEMI=y
 CONFIG_NATSEMI=m
 CONFIG_NS83820=m
-CONFIG_NET_VENDOR_NETERION=y
-CONFIG_S2IO=m
 CONFIG_NET_VENDOR_NETRONOME=y
 CONFIG_NFP=m
 CONFIG_NFP_APP_FLOWER=y
@@ -3658,7 +3611,6 @@
 CONFIG_NFP_NET_IPSEC=y
 # CONFIG_NFP_DEBUG is not set
 CONFIG_NET_VENDOR_8390=y
-CONFIG_PCMCIA_AXNET=m
 CONFIG_NE2K_PCI=m
 CONFIG_PCMCIA_PCNET=m
 CONFIG_NET_VENDOR_NVIDIA=y
@@ -3666,9 +3618,6 @@
 CONFIG_NET_VENDOR_OKI=y
 CONFIG_ETHOC=m
 CONFIG_OA_TC6=m
-CONFIG_NET_VENDOR_PACKET_ENGINES=y
-CONFIG_HAMACHI=m
-CONFIG_YELLOWFIN=m
 CONFIG_NET_VENDOR_PENSANDO=y
 CONFIG_IONIC=m
 CONFIG_NET_VENDOR_QLOGIC=y
@@ -3694,7 +3643,6 @@
 CONFIG_NET_VENDOR_RDC=y
 CONFIG_R6040=m
 CONFIG_NET_VENDOR_REALTEK=y
-CONFIG_ATP=m
 CONFIG_8139CP=m
 CONFIG_8139TOO=m
 # CONFIG_8139TOO_PIO is not set
@@ -3729,7 +3677,6 @@
 CONFIG_SFC_SIENA_SRIOV=y
 CONFIG_SFC_SIENA_MCDI_LOGGING=y
 CONFIG_NET_VENDOR_SMSC=y
-CONFIG_PCMCIA_SMC91C92=m
 CONFIG_EPIC100=m
 CONFIG_SMSC911X=m
 CONFIG_SMSC9420=m
@@ -3741,6 +3688,7 @@
 CONFIG_DWMAC_GENERIC=m
 CONFIG_STMMAC_LIBPCI=m
 CONFIG_DWMAC_INTEL=m
+# CONFIG_DWMAC_MOTORCOMM is not set
 CONFIG_STMMAC_PCI=m
 CONFIG_NET_VENDOR_SUN=y
 CONFIG_HAPPYMEAL=m
@@ -3784,8 +3732,6 @@
 CONFIG_FDDI=m
 CONFIG_DEFXX=m
 CONFIG_SKFP=m
-# CONFIG_HIPPI is not set
-CONFIG_MDIO_BUS=m
 CONFIG_PHYLINK=m
 CONFIG_PHYLIB=m
 CONFIG_SWPHY=y
@@ -4096,6 +4042,7 @@
 CONFIG_ATH11K_DEBUGFS=y
 # CONFIG_ATH11K_TRACING is not set
 CONFIG_ATH11K_SPECTRAL=y
+# CONFIG_ATH11K_CFR is not set
 CONFIG_ATH12K=m
 CONFIG_ATH12K_AHB=y
 CONFIG_ATH12K_DEBUG=y
@@ -4420,26 +4367,6 @@
 CONFIG_HYPERV_NET=m
 CONFIG_NETDEVSIM=m
 CONFIG_NET_FAILOVER=m
-CONFIG_ISDN=y
-CONFIG_ISDN_CAPI=y
-CONFIG_MISDN=m
-CONFIG_MISDN_DSP=m
-CONFIG_MISDN_L1OIP=m
-
-#
-# mISDN hardware drivers
-#
-CONFIG_MISDN_HFCPCI=m
-CONFIG_MISDN_HFCMULTI=m
-CONFIG_MISDN_HFCUSB=m
-CONFIG_MISDN_AVMFRITZ=m
-CONFIG_MISDN_SPEEDFAX=m
-CONFIG_MISDN_INFINEON=m
-CONFIG_MISDN_W6692=m
-CONFIG_MISDN_NETJET=m
-CONFIG_MISDN_HDLC=m
-CONFIG_MISDN_IPAC=m
-CONFIG_MISDN_ISAR=m
 
 #
 # Input device support
@@ -4479,6 +4406,7 @@
 CONFIG_KEYBOARD_GPIO_POLLED=m
 CONFIG_KEYBOARD_TCA8418=m
 CONFIG_KEYBOARD_MATRIX=m
+# CONFIG_KEYBOARD_CHARLIEPLEX is not set
 CONFIG_KEYBOARD_LM8323=m
 CONFIG_KEYBOARD_LM8333=m
 CONFIG_KEYBOARD_MAX7359=m
@@ -4773,7 +4701,6 @@
 CONFIG_ARCH_MIGHT_HAVE_PC_SERIO=y
 CONFIG_SERIO_I8042=y
 CONFIG_SERIO_SERPORT=m
-CONFIG_SERIO_CT82C710=m
 CONFIG_SERIO_PARKBD=m
 CONFIG_SERIO_PCIPS2=m
 CONFIG_SERIO_LIBPS2=y
@@ -4822,12 +4749,11 @@
 CONFIG_SERIAL_8250_NR_UARTS=32
 CONFIG_SERIAL_8250_RUNTIME_UARTS=32
 CONFIG_SERIAL_8250_EXTENDED=y
-CONFIG_SERIAL_8250_MANY_PORTS=y
-CONFIG_SERIAL_8250_PCI1XXXX=m
 CONFIG_SERIAL_8250_SHARE_IRQ=y
 # CONFIG_SERIAL_8250_DETECT_IRQ is not set
 CONFIG_SERIAL_8250_RSA=y
-CONFIG_SERIAL_8250_DWLIB=y
+CONFIG_SERIAL_8250_MANY_PORTS=y
+CONFIG_SERIAL_8250_PCI1XXXX=m
 CONFIG_SERIAL_8250_DFL=m
 CONFIG_SERIAL_8250_DW=m
 CONFIG_SERIAL_8250_KEBA=m
@@ -4836,6 +4762,7 @@
 CONFIG_SERIAL_8250_MID=m
 CONFIG_SERIAL_8250_PERICOM=m
 CONFIG_SERIAL_8250_NI=m
+CONFIG_SERIAL_8250_DWLIB=y
 
 #
 # Non-8250 serial port support
@@ -4907,7 +4834,6 @@
 CONFIG_HW_RANDOM_VIRTIO=m
 CONFIG_HW_RANDOM_XIPHERA=m
 CONFIG_APPLICOM=m
-CONFIG_MWAVE=m
 CONFIG_DEVMEM=y
 CONFIG_NVRAM=y
 CONFIG_DEVPORT=y
@@ -5010,7 +4936,6 @@
 CONFIG_I2C_CBUS_GPIO=m
 CONFIG_I2C_CGBC=m
 CONFIG_I2C_DESIGNWARE_CORE=y
-CONFIG_I2C_DESIGNWARE_SLAVE=y
 CONFIG_I2C_DESIGNWARE_PLATFORM=y
 CONFIG_I2C_DESIGNWARE_AMDISP=m
 CONFIG_I2C_DESIGNWARE_BAYTRAIL=y
@@ -5059,6 +4984,7 @@
 # end of I2C support
 
 # CONFIG_I3C is not set
+CONFIG_I3C_OR_I2C=y
 CONFIG_SPI=y
 # CONFIG_SPI_DEBUG is not set
 CONFIG_SPI_MASTER=y
@@ -5165,6 +5091,7 @@
 # DPLL device support
 #
 CONFIG_DPLL=y
+# CONFIG_DPLL_REFCNT_TRACKER is not set
 CONFIG_ZL3073X=m
 CONFIG_ZL3073X_I2C=m
 CONFIG_ZL3073X_SPI=m
@@ -5185,6 +5112,7 @@
 CONFIG_PINCTRL_MCP23S08_I2C=m
 CONFIG_PINCTRL_MCP23S08_SPI=m
 CONFIG_PINCTRL_MCP23S08=m
+# CONFIG_PINCTRL_STMFX is not set
 CONFIG_PINCTRL_SX150X=y
 CONFIG_PINCTRL_UPBOARD=m
 CONFIG_PINCTRL_CS42L43=m
@@ -5245,6 +5173,7 @@
 #
 CONFIG_GPIO_ALTERA=m
 CONFIG_GPIO_AMDPT=m
+# CONFIG_GPIO_BY_PINCTRL is not set
 CONFIG_GPIO_DWAPB=m
 CONFIG_GPIO_EXAR=m
 CONFIG_GPIO_GENERIC_PLATFORM=m
@@ -5255,6 +5184,7 @@
 # CONFIG_GPIO_POLARFIRE_SOC is not set
 CONFIG_GPIO_SIOX=m
 CONFIG_GPIO_TANGIER=m
+# CONFIG_GPIO_WCD934X is not set
 CONFIG_GPIO_XILINX=m
 CONFIG_GPIO_AMD_FCH=m
 # end of Memory mapped GPIO drivers
@@ -5266,6 +5196,7 @@
 CONFIG_GPIO_F7188X=m
 CONFIG_GPIO_IT87=m
 CONFIG_GPIO_SCH=m
+# CONFIG_GPIO_NOVALAKE is not set
 CONFIG_GPIO_SCH311X=m
 CONFIG_GPIO_WINBOND=m
 CONFIG_GPIO_WS16C48=m
@@ -5368,7 +5299,6 @@
 # CONFIG_GPIO_VIRTUSER is not set
 # end of GPIO Debugging utilities
 
-CONFIG_DEV_SYNC_PROBE=m
 CONFIG_W1=m
 CONFIG_W1_CON=y
 
@@ -5413,6 +5343,7 @@
 CONFIG_POWER_RESET_MT6323=y
 CONFIG_POWER_RESET_RESTART=y
 CONFIG_POWER_RESET_TPS65086=y
+# CONFIG_POWER_RESET_QEMU_VIRT_CTRL is not set
 CONFIG_POWER_SEQUENCING=m
 CONFIG_POWER_SUPPLY=y
 # CONFIG_POWER_SUPPLY_DEBUG is not set
@@ -5434,6 +5365,7 @@
 CONFIG_BATTERY_DS2781=m
 CONFIG_BATTERY_DS2782=m
 # CONFIG_BATTERY_SAMSUNG_SDI is not set
+# CONFIG_BATTERY_S2MU005 is not set
 CONFIG_BATTERY_INTEL_DC_TI=m
 CONFIG_BATTERY_SBS=m
 CONFIG_CHARGER_SBS=m
@@ -5572,6 +5504,7 @@
 CONFIG_SENSORS_GPD=m
 CONFIG_SENSORS_G760A=m
 CONFIG_SENSORS_G762=m
+# CONFIG_SENSORS_GPIO_FAN is not set
 CONFIG_SENSORS_HIH6130=m
 CONFIG_SENSORS_HS3001=m
 CONFIG_SENSORS_HTU31=m
@@ -5585,6 +5518,7 @@
 CONFIG_SENSORS_JC42=m
 CONFIG_SENSORS_POWERZ=m
 CONFIG_SENSORS_POWR1220=m
+# CONFIG_SENSORS_LATTEPANDA_SIGMA_EC is not set
 CONFIG_SENSORS_LENOVO_EC=m
 CONFIG_SENSORS_LINEAGE=m
 CONFIG_SENSORS_LTC2945=m
@@ -5620,6 +5554,7 @@
 CONFIG_SENSORS_MAX77705=m
 CONFIG_SENSORS_MC34VR500=m
 CONFIG_SENSORS_MCP3021=m
+# CONFIG_SENSORS_MCP9982 is not set
 CONFIG_SENSORS_MLXREG_FAN=m
 CONFIG_SENSORS_TC654=m
 CONFIG_SENSORS_TPS23861=m
@@ -5667,11 +5602,13 @@
 CONFIG_SENSORS_ADM1275=m
 CONFIG_SENSORS_ADP1050=m
 CONFIG_SENSORS_ADP1050_REGULATOR=y
+# CONFIG_SENSORS_APS_379 is not set
 CONFIG_SENSORS_BEL_PFE=m
 CONFIG_SENSORS_BPA_RS600=m
 CONFIG_SENSORS_CRPS=m
 CONFIG_SENSORS_DELTA_AHE50DC_FAN=m
 CONFIG_SENSORS_FSP_3Y=m
+# CONFIG_SENSORS_HAC300S is not set
 CONFIG_SENSORS_IBM_CFFPS=m
 CONFIG_SENSORS_DPS920AB=m
 CONFIG_SENSORS_INA233=m
@@ -5711,6 +5648,7 @@
 CONFIG_SENSORS_MP2975_REGULATOR=y
 CONFIG_SENSORS_MP5023=m
 CONFIG_SENSORS_MP5920=m
+# CONFIG_SENSORS_MP5926 is not set
 CONFIG_SENSORS_MP5990=m
 CONFIG_SENSORS_MP9941=m
 CONFIG_SENSORS_MP9945=m
@@ -5723,6 +5661,7 @@
 CONFIG_SENSORS_PM6764TR=m
 CONFIG_SENSORS_PXE1610=m
 CONFIG_SENSORS_Q54SJ108A2=m
+# CONFIG_SENSORS_STEF48H28 is not set
 CONFIG_SENSORS_STPDDC60=m
 CONFIG_SENSORS_TDA38640=m
 CONFIG_SENSORS_TDA38640_REGULATOR=y
@@ -5734,7 +5673,9 @@
 CONFIG_SENSORS_UCD9000=m
 CONFIG_SENSORS_UCD9200=m
 CONFIG_SENSORS_XDP710=m
+# CONFIG_SENSORS_XDP720 is not set
 CONFIG_SENSORS_XDPE152=m
+# CONFIG_SENSORS_XDPE1A2G7B is not set
 CONFIG_SENSORS_XDPE122=m
 CONFIG_SENSORS_XDPE122_REGULATOR=y
 CONFIG_SENSORS_ZL6100=m
@@ -5801,6 +5742,7 @@
 CONFIG_SENSORS_WM831X=m
 CONFIG_SENSORS_WM8350=m
 CONFIG_SENSORS_XGENE=m
+# CONFIG_SENSORS_YOGAFAN is not set
 CONFIG_SENSORS_INTEL_M10_BMC_HWMON=m
 
 #
@@ -5922,7 +5864,6 @@
 CONFIG_IE6XX_WDT=m
 CONFIG_INTEL_OC_WATCHDOG=m
 CONFIG_ITCO_WDT=m
-CONFIG_ITCO_VENDOR_SUPPORT=y
 CONFIG_IT8712F_WDT=m
 CONFIG_IT87_WDT=m
 CONFIG_HP_WATCHDOG=m
@@ -6220,6 +6161,7 @@
 CONFIG_REGULATOR_RT6160=m
 CONFIG_REGULATOR_RT6190=m
 CONFIG_REGULATOR_RT6245=m
+# CONFIG_REGULATOR_RT8092 is not set
 CONFIG_REGULATOR_RTQ2134=m
 CONFIG_REGULATOR_RTMV20=m
 CONFIG_REGULATOR_RTQ6752=m
@@ -6235,6 +6177,7 @@
 CONFIG_REGULATOR_TPS65086=m
 CONFIG_REGULATOR_TPS65090=m
 CONFIG_REGULATOR_TPS65132=m
+# CONFIG_REGULATOR_TPS65185 is not set
 CONFIG_REGULATOR_TPS6524X=m
 CONFIG_REGULATOR_TPS6586X=m
 CONFIG_REGULATOR_TPS65910=m
@@ -6815,6 +6758,7 @@
 CONFIG_VIDEO_MT9V111=m
 CONFIG_VIDEO_OG01A1B=m
 CONFIG_VIDEO_OG0VE1B=m
+# CONFIG_VIDEO_OS05B10 is not set
 CONFIG_VIDEO_OV01A10=m
 CONFIG_VIDEO_OV02A10=m
 CONFIG_VIDEO_OV02E10=m
@@ -6853,8 +6797,11 @@
 CONFIG_VIDEO_RDACM21=m
 CONFIG_VIDEO_RJ54N1=m
 CONFIG_VIDEO_S5C73M3=m
+# CONFIG_VIDEO_S5K3M5 is not set
 CONFIG_VIDEO_S5K5BAF=m
 CONFIG_VIDEO_S5K6A3=m
+# CONFIG_VIDEO_S5KJN1 is not set
+# CONFIG_VIDEO_T4KA3 is not set
 CONFIG_VIDEO_VD55G1=m
 CONFIG_VIDEO_VD56G3=m
 CONFIG_VIDEO_CCS=m
@@ -7154,6 +7101,7 @@
 CONFIG_AGP_VIA=m
 CONFIG_INTEL_GTT=m
 CONFIG_VGA_SWITCHEROO=y
+CONFIG_GPU_BUDDY=y
 # CONFIG_NOVA_CORE is not set
 CONFIG_DRM=y
 
@@ -7175,6 +7123,7 @@
 CONFIG_DRM_PANIC_SCREEN_QR_CODE=y
 CONFIG_DRM_PANIC_SCREEN_QR_CODE_URL="https://panic.archlinux.org/panic_report#"
 CONFIG_DRM_PANIC_SCREEN_QR_VERSION=40
+# CONFIG_DRM_RAS is not set
 CONFIG_DRM_CLIENT=y
 CONFIG_DRM_CLIENT_LIB=y
 CONFIG_DRM_CLIENT_SELECTION=y
@@ -7212,21 +7161,8 @@
 CONFIG_DRM_GEM_SHMEM_HELPER=y
 CONFIG_DRM_SUBALLOC_HELPER=m
 CONFIG_DRM_SCHED=m
-
-#
-# Drivers for system framebuffers
-#
-CONFIG_DRM_SYSFB_HELPER=y
-CONFIG_DRM_SIMPLEDRM=y
-# end of Drivers for system framebuffers
-
-#
-# ARM devices
-#
-# end of ARM devices
-
-CONFIG_DRM_RADEON=m
-CONFIG_DRM_RADEON_USERPTR=y
+CONFIG_DRM_PANEL_BACKLIGHT_QUIRKS=m
+CONFIG_DRM_PRIVACY_SCREEN=y
 CONFIG_DRM_AMDGPU=m
 CONFIG_DRM_AMDGPU_SI=y
 CONFIG_DRM_AMDGPU_CIK=y
@@ -7250,16 +7186,30 @@
 
 CONFIG_HSA_AMD=y
 CONFIG_HSA_AMD_SVM=y
-CONFIG_DRM_NOUVEAU=m
-CONFIG_NOUVEAU_DEBUG=5
-CONFIG_NOUVEAU_DEBUG_DEFAULT=3
-# CONFIG_NOUVEAU_DEBUG_MMU is not set
-# CONFIG_NOUVEAU_DEBUG_PUSH is not set
-CONFIG_DRM_NOUVEAU_BACKLIGHT=y
-CONFIG_DRM_NOUVEAU_SVM=y
-CONFIG_DRM_NOUVEAU_CH7006=m
-CONFIG_DRM_NOUVEAU_SIL164=m
-# CONFIG_DRM_NOVA is not set
+# CONFIG_HSA_AMD_P2P is not set
+
+#
+# ARM devices
+#
+# end of ARM devices
+
+CONFIG_DRM_AST=m
+CONFIG_DRM_BRIDGE=y
+CONFIG_DRM_PANEL_BRIDGE=y
+
+#
+# Display Interface Bridges
+#
+CONFIG_DRM_I2C_NXP_TDA998X=m
+CONFIG_DRM_ANALOGIX_ANX78XX=m
+CONFIG_DRM_ANALOGIX_DP=m
+# end of Display Interface Bridges
+
+# CONFIG_DRM_ETNAVIV is not set
+CONFIG_DRM_GMA500=m
+CONFIG_DRM_GUD=m
+CONFIG_DRM_HISI_HIBMC=m
+CONFIG_DRM_HYPERV=m
 CONFIG_DRM_I915=m
 CONFIG_DRM_I915_FORCE_PROBE="*"
 CONFIG_DRM_I915_CAPTURE_ERROR=y
@@ -7278,31 +7228,17 @@
 CONFIG_DRM_I915_STOP_TIMEOUT=100
 CONFIG_DRM_I915_TIMESLICE_DURATION=1
 CONFIG_DRM_I915_GVT=y
-CONFIG_DRM_XE=m
-CONFIG_DRM_XE_DISPLAY=y
-CONFIG_DRM_XE_DP_TUNNEL=y
-CONFIG_DRM_XE_GPUSVM=y
-CONFIG_DRM_XE_PAGEMAP=y
-CONFIG_DRM_XE_FORCE_PROBE=""
-CONFIG_DRM_XE_JOB_TIMEOUT_MAX=10000
-CONFIG_DRM_XE_JOB_TIMEOUT_MIN=1
-CONFIG_DRM_XE_TIMESLICE_MAX=10000000
-CONFIG_DRM_XE_TIMESLICE_MIN=1
-CONFIG_DRM_XE_PREEMPT_TIMEOUT=640000
-CONFIG_DRM_XE_PREEMPT_TIMEOUT_MAX=10000000
-CONFIG_DRM_XE_PREEMPT_TIMEOUT_MIN=1
-CONFIG_DRM_XE_ENABLE_SCHEDTIMEOUT_LIMIT=y
-CONFIG_DRM_VGEM=m
-CONFIG_DRM_VKMS=m
-CONFIG_DRM_VMWGFX=m
-CONFIG_DRM_VMWGFX_MKSSTATS=y
-CONFIG_DRM_GMA500=m
-CONFIG_DRM_UDL=m
-CONFIG_DRM_AST=m
 CONFIG_DRM_MGAG200=m
-CONFIG_DRM_QXL=m
-CONFIG_DRM_VIRTIO_GPU=m
-CONFIG_DRM_VIRTIO_GPU_KMS=y
+CONFIG_DRM_NOUVEAU=m
+CONFIG_NOUVEAU_DEBUG=5
+CONFIG_NOUVEAU_DEBUG_DEFAULT=3
+# CONFIG_NOUVEAU_DEBUG_MMU is not set
+# CONFIG_NOUVEAU_DEBUG_PUSH is not set
+CONFIG_DRM_NOUVEAU_BACKLIGHT=y
+CONFIG_DRM_NOUVEAU_SVM=y
+CONFIG_DRM_NOUVEAU_CH7006=m
+CONFIG_DRM_NOUVEAU_SIL164=m
+# CONFIG_DRM_NOVA is not set
 CONFIG_DRM_PANEL=y
 
 #
@@ -7315,19 +7251,25 @@
 CONFIG_DRM_PANEL_WIDECHIPS_WS2401=m
 # end of Display Panels
 
-CONFIG_DRM_BRIDGE=y
-CONFIG_DRM_PANEL_BRIDGE=y
+CONFIG_DRM_QXL=m
+CONFIG_DRM_RADEON=m
+CONFIG_DRM_RADEON_USERPTR=y
+# CONFIG_DRM_ST7571 is not set
+CONFIG_DRM_ST7586=m
+CONFIG_DRM_ST7735R=m
+# CONFIG_DRM_ST7920 is not set
+CONFIG_DRM_SSD130X=m
+CONFIG_DRM_SSD130X_I2C=m
+CONFIG_DRM_SSD130X_SPI=m
 
 #
-# Display Interface Bridges
+# Drivers for system framebuffers
 #
-CONFIG_DRM_I2C_NXP_TDA998X=m
-CONFIG_DRM_ANALOGIX_ANX78XX=m
-CONFIG_DRM_ANALOGIX_DP=m
-# end of Display Interface Bridges
+CONFIG_DRM_SYSFB_HELPER=y
+# CONFIG_DRM_COREBOOTDRM is not set
+CONFIG_DRM_SIMPLEDRM=y
+# end of Drivers for system framebuffers
 
-# CONFIG_DRM_ETNAVIV is not set
-CONFIG_DRM_HISI_HIBMC=m
 CONFIG_DRM_APPLETBDRM=m
 CONFIG_DRM_BOCHS=m
 CONFIG_DRM_CIRRUS_QEMU=m
@@ -7342,19 +7284,30 @@
 CONFIG_TINYDRM_MI0283QT=m
 CONFIG_TINYDRM_REPAPER=m
 CONFIG_TINYDRM_SHARP_MEMORY=m
+CONFIG_DRM_UDL=m
+CONFIG_DRM_VBOXVIDEO=m
+CONFIG_DRM_VGEM=m
+CONFIG_DRM_VIRTIO_GPU=m
+CONFIG_DRM_VIRTIO_GPU_KMS=y
+CONFIG_DRM_VKMS=m
+CONFIG_DRM_VMWGFX=m
+CONFIG_DRM_VMWGFX_MKSSTATS=y
+CONFIG_DRM_XE=m
+CONFIG_DRM_XE_DISPLAY=y
+CONFIG_DRM_XE_DP_TUNNEL=y
+CONFIG_DRM_XE_GPUSVM=y
+CONFIG_DRM_XE_PAGEMAP=y
+CONFIG_DRM_XE_FORCE_PROBE=""
+CONFIG_DRM_XE_JOB_TIMEOUT_MAX=10000
+CONFIG_DRM_XE_JOB_TIMEOUT_MIN=1
+CONFIG_DRM_XE_TIMESLICE_MAX=10000000
+CONFIG_DRM_XE_TIMESLICE_MIN=1
+CONFIG_DRM_XE_PREEMPT_TIMEOUT=640000
+CONFIG_DRM_XE_PREEMPT_TIMEOUT_MAX=10000000
+CONFIG_DRM_XE_PREEMPT_TIMEOUT_MIN=1
+CONFIG_DRM_XE_ENABLE_SCHEDTIMEOUT_LIMIT=y
 CONFIG_DRM_XEN=y
 CONFIG_DRM_XEN_FRONTEND=m
-CONFIG_DRM_VBOXVIDEO=m
-CONFIG_DRM_GUD=m
-CONFIG_DRM_ST7571_I2C=m
-CONFIG_DRM_ST7586=m
-CONFIG_DRM_ST7735R=m
-CONFIG_DRM_SSD130X=m
-CONFIG_DRM_SSD130X_I2C=m
-CONFIG_DRM_SSD130X_SPI=m
-CONFIG_DRM_HYPERV=m
-CONFIG_DRM_PANEL_BACKLIGHT_QUIRKS=m
-CONFIG_DRM_PRIVACY_SCREEN=y
 CONFIG_DRM_PANEL_ORIENTATION_QUIRKS=y
 
 #
@@ -7399,7 +7352,6 @@
 CONFIG_XEN_FBDEV_FRONTEND=m
 # CONFIG_FB_METRONOME is not set
 # CONFIG_FB_MB862XX is not set
-# CONFIG_FB_HYPERV is not set
 # CONFIG_FB_SSD1307 is not set
 # CONFIG_FB_SM712 is not set
 CONFIG_FB_CORE=y
@@ -7446,6 +7398,7 @@
 CONFIG_BACKLIGHT_KTZ8866=m
 CONFIG_BACKLIGHT_LM3533=m
 CONFIG_BACKLIGHT_PWM=m
+# CONFIG_BACKLIGHT_CGBC is not set
 CONFIG_BACKLIGHT_DA903X=m
 CONFIG_BACKLIGHT_DA9052=m
 CONFIG_BACKLIGHT_MAX8925=m
@@ -7500,7 +7453,6 @@
 
 CONFIG_DRM_ACCEL=y
 CONFIG_DRM_ACCEL_AMDXDNA=m
-CONFIG_DRM_ACCEL_ARM_ETHOSU=m
 CONFIG_DRM_ACCEL_HABANALABS=m
 CONFIG_HL_HLDIO=y
 CONFIG_DRM_ACCEL_IVPU=m
@@ -7796,6 +7748,7 @@
 CONFIG_SND_AMD_ACP_CONFIG=m
 CONFIG_SND_SOC_AMD_ACP_COMMON=m
 CONFIG_SND_SOC_ACPI_AMD_MATCH=m
+CONFIG_SND_SOC_ACPI_AMD_SDCA_QUIRKS=m
 CONFIG_SND_SOC_AMD_ACP_PDM=m
 CONFIG_SND_SOC_AMD_ACP_LEGACY_COMMON=m
 CONFIG_SND_SOC_AMD_ACP_I2S=m
@@ -7813,7 +7766,6 @@
 CONFIG_SND_SOC_AMD_SOF_SDW_MACH=m
 CONFIG_SND_SOC_AMD_LEGACY_SDW_MACH=m
 CONFIG_SND_AMD_SOUNDWIRE_ACPI=m
-CONFIG_SND_SOC_AMD_RPL_ACP6x=m
 CONFIG_SND_SOC_AMD_ACP63_TOPLEVEL=m
 CONFIG_SND_SOC_AMD_SOUNDWIRE_LINK_BASELINE=m
 CONFIG_SND_SOC_AMD_SOUNDWIRE=m
@@ -7948,6 +7900,7 @@
 CONFIG_SND_SOC_INTEL_SOF_REALTEK_COMMON=m
 CONFIG_SND_SOC_INTEL_SOF_CIRRUS_COMMON=m
 CONFIG_SND_SOC_INTEL_SOF_NUVOTON_COMMON=m
+CONFIG_SND_SOC_INTEL_SOF_TI_COMMON=m
 CONFIG_SND_SOC_INTEL_SOF_BOARD_HELPERS=m
 CONFIG_SND_SOC_INTEL_HASWELL_MACH=m
 CONFIG_SND_SOC_INTEL_BDW_RT5650_MACH=m
@@ -8172,6 +8125,7 @@
 #
 # CONFIG_SND_SOC_CS35L56_CAL_DEBUGFS is not set
 # CONFIG_SND_SOC_CS35L56_CAL_SET_CTRL is not set
+# CONFIG_SND_SOC_CS35L56_CAL_PERFORM_CTRL is not set
 # end of CS35L56 driver options
 
 CONFIG_SND_SOC_CS40L50=m
@@ -8284,6 +8238,7 @@
 CONFIG_SND_SOC_RT1318_SDW=m
 CONFIG_SND_SOC_RT1320_SDW=m
 CONFIG_SND_SOC_RT5514=m
+# CONFIG_SND_SOC_RT5575 is not set
 CONFIG_SND_SOC_RT5616=m
 CONFIG_SND_SOC_RT5631=m
 CONFIG_SND_SOC_RT5640=m
@@ -8373,6 +8328,7 @@
 CONFIG_SND_SOC_TSCS454=m
 CONFIG_SND_SOC_UDA1334=m
 CONFIG_SND_SOC_UDA1342=m
+# CONFIG_SND_SOC_UDA1380 is not set
 CONFIG_SND_SOC_WCD_CLASSH=m
 CONFIG_SND_SOC_WCD_COMMON=m
 CONFIG_SND_SOC_WCD9335=m
@@ -8528,6 +8484,8 @@
 CONFIG_HID_LCPOWER=m
 CONFIG_HID_LED=m
 CONFIG_HID_LENOVO=m
+# CONFIG_HID_LENOVO_GO is not set
+# CONFIG_HID_LENOVO_GO_S is not set
 CONFIG_HID_LETSKETCH=m
 CONFIG_HID_LOGITECH=m
 CONFIG_HID_LOGITECH_DJ=m
@@ -8565,6 +8523,7 @@
 CONFIG_HID_PLAYSTATION=m
 CONFIG_PLAYSTATION_FF=y
 CONFIG_HID_PXRC=m
+# CONFIG_HID_RAPOO is not set
 CONFIG_HID_RAZER=m
 CONFIG_HID_PRIMAX=m
 CONFIG_HID_RETRODE=m
@@ -8607,6 +8566,7 @@
 CONFIG_HID_ALPS=m
 CONFIG_HID_MCP2200=m
 CONFIG_HID_MCP2221=m
+# CONFIG_HID_HUAWEI is not set
 # end of Special HID drivers
 
 #
@@ -8658,6 +8618,11 @@
 CONFIG_USB_HIDDEV=y
 # end of USB HID support
 
+#
+# SPI HID support
+#
+# end of SPI HID support
+
 CONFIG_USB_OHCI_LITTLE_ENDIAN=y
 CONFIG_USB_SUPPORT=y
 CONFIG_USB_COMMON=y
@@ -8793,6 +8758,7 @@
 #
 CONFIG_USB_DWC3_PCI=m
 CONFIG_USB_DWC3_HAPS=m
+# CONFIG_USB_DWC3_GOOGLE is not set
 CONFIG_USB_DWC2=m
 # CONFIG_USB_DWC2_HOST is not set
 
@@ -9154,6 +9120,7 @@
 #
 CONFIG_LEDS_88PM860X=m
 CONFIG_LEDS_APU=m
+# CONFIG_LEDS_OSRAM_AMS_AS3668 is not set
 CONFIG_LEDS_AW200XX=m
 CONFIG_LEDS_CHT_WCOVE=m
 CONFIG_LEDS_CROS_EC=m
@@ -9224,6 +9191,7 @@
 # RGB LED drivers
 #
 CONFIG_LEDS_KTD202X=m
+# CONFIG_LEDS_LP5812 is not set
 CONFIG_LEDS_PWM_MULTICOLOR=m
 CONFIG_LEDS_MT6370_RGB=m
 
@@ -9321,7 +9289,6 @@
 CONFIG_INFINIBAND_RTRS=m
 CONFIG_INFINIBAND_RTRS_CLIENT=m
 CONFIG_INFINIBAND_RTRS_SERVER=m
-CONFIG_INFINIBAND_OPA_VNIC=m
 CONFIG_EDAC_ATOMIC_SCRUB=y
 CONFIG_EDAC_SUPPORT=y
 CONFIG_EDAC=y
@@ -9507,6 +9474,7 @@
 CONFIG_INTEL_IDXD_PERFMON=y
 CONFIG_INTEL_IOATDMA=m
 CONFIG_PLX_DMA=m
+# CONFIG_SWITCHTEC_DMA is not set
 CONFIG_XILINX_DMA=m
 CONFIG_XILINX_XDMA=m
 CONFIG_AMD_AE4DMA=m
@@ -9536,11 +9504,9 @@
 CONFIG_SYNC_FILE=y
 # CONFIG_SW_SYNC is not set
 CONFIG_UDMABUF=y
-# CONFIG_DMABUF_MOVE_NOTIFY is not set
 # CONFIG_DMABUF_DEBUG is not set
 # CONFIG_DMABUF_SELFTESTS is not set
 CONFIG_DMABUF_HEAPS=y
-CONFIG_DMABUF_SYSFS_STATS=y
 CONFIG_DMABUF_HEAPS_SYSTEM=y
 CONFIG_DMABUF_HEAPS_CMA=y
 # end of DMABUF options
@@ -9761,16 +9727,13 @@
 CONFIG_DVB_SP8870=m
 CONFIG_VIDEO_IPU3_IMGU=m
 CONFIG_VIDEO_INTEL_IPU7=m
-
-#
-# StarFive media platform drivers
-#
 # CONFIG_STAGING_MEDIA_DEPRECATED is not set
 # CONFIG_FB_TFT is not set
 CONFIG_MOST_COMPONENTS=m
 CONFIG_MOST_NET=m
 CONFIG_MOST_VIDEO=m
 # CONFIG_VME_BUS is not set
+CONFIG_APPLE_BCE=m
 # CONFIG_GOLDFISH is not set
 CONFIG_CHROME_PLATFORMS=y
 CONFIG_CHROMEOS_ACPI=m
@@ -9834,6 +9797,7 @@
 CONFIG_XIAOMI_WMI=m
 CONFIG_REDMI_WMI=m
 CONFIG_GIGABYTE_WMI=m
+# CONFIG_BITLAND_MIFS_WMI is not set
 CONFIG_ACERHDF=m
 CONFIG_ACER_WIRELESS=m
 CONFIG_ACER_WMI=m
@@ -9965,7 +9929,7 @@
 CONFIG_THINKPAD_LMI=m
 CONFIG_YOGABOOK=m
 CONFIG_YT2_1380=m
-CONFIG_LENOVO_WMI_DATA01=m
+CONFIG_LENOVO_WMI_CAPDATA=m
 CONFIG_LENOVO_WMI_EVENTS=m
 CONFIG_LENOVO_WMI_HELPERS=m
 CONFIG_LENOVO_WMI_GAMEZONE=m
@@ -10067,6 +10031,7 @@
 CONFIG_IOMMU_SVA=y
 CONFIG_IOMMU_IOPF=y
 CONFIG_AMD_IOMMU=y
+# CONFIG_AMD_IOMMU_IOMMUFD is not set
 CONFIG_DMAR_TABLE=y
 CONFIG_INTEL_IOMMU=y
 CONFIG_INTEL_IOMMU_SVM=y
@@ -10084,6 +10049,7 @@
 CONFIG_IOMMU_PT=y
 CONFIG_IOMMU_PT_AMDV1=y
 CONFIG_IOMMU_PT_VTDSS=y
+# CONFIG_IOMMU_PT_RISCV64 is not set
 CONFIG_IOMMU_PT_X86_64=y
 
 #
@@ -10261,6 +10227,8 @@
 CONFIG_ADXL313=m
 CONFIG_ADXL313_I2C=m
 CONFIG_ADXL313_SPI=m
+# CONFIG_ADXL345_I2C is not set
+# CONFIG_ADXL345_SPI is not set
 CONFIG_ADXL355=m
 CONFIG_ADXL355_I2C=m
 CONFIG_ADXL355_SPI=m
@@ -10332,6 +10300,7 @@
 CONFIG_AD4030=m
 CONFIG_AD4080=m
 CONFIG_AD4130=m
+# CONFIG_AD4134 is not set
 CONFIG_AD4170_4=m
 CONFIG_AD4695=m
 CONFIG_AD4851=m
@@ -10422,11 +10391,13 @@
 CONFIG_TI_ADC128S052=m
 CONFIG_TI_ADC161S626=m
 CONFIG_TI_ADS1015=m
+# CONFIG_TI_ADS1018 is not set
 CONFIG_TI_ADS1100=m
 CONFIG_TI_ADS1119=m
 CONFIG_TI_ADS124S08=m
 CONFIG_TI_ADS1298=m
 CONFIG_TI_ADS131E08=m
+# CONFIG_TI_ADS131M02 is not set
 CONFIG_TI_ADS7138=m
 CONFIG_TI_ADS7924=m
 CONFIG_TI_ADS7950=m
@@ -10460,6 +10431,7 @@
 #
 CONFIG_AD8366=m
 CONFIG_ADA4250=m
+# CONFIG_ADL8113 is not set
 CONFIG_HMC425=m
 # end of Amplifiers
 
@@ -10575,10 +10547,12 @@
 CONFIG_LTC2664=m
 CONFIG_M62332=m
 CONFIG_MAX517=m
+# CONFIG_MAX22007 is not set
 CONFIG_MAX5522=m
 CONFIG_MAX5821=m
 CONFIG_MCP4725=m
 CONFIG_MCP4728=m
+# CONFIG_MCP47FEB02 is not set
 CONFIG_MCP4821=m
 CONFIG_MCP4922=m
 CONFIG_TI_DAC082S085=m
@@ -10814,6 +10788,7 @@
 CONFIG_MAG3110=m
 CONFIG_HID_SENSOR_MAGNETOMETER_3D=m
 CONFIG_MMC35240=m
+# CONFIG_MMC5633 is not set
 CONFIG_IIO_ST_MAGN_3AXIS=m
 CONFIG_IIO_ST_MAGN_I2C_3AXIS=m
 CONFIG_IIO_ST_MAGN_SPI_3AXIS=m
@@ -10885,6 +10860,8 @@
 # Pressure sensors
 #
 CONFIG_ABP060MG=m
+# CONFIG_ABP2030PA_I2C is not set
+# CONFIG_ABP2030PA_SPI is not set
 CONFIG_ROHM_BM1390=m
 CONFIG_BMP280=m
 CONFIG_BMP280_I2C=m
@@ -10948,6 +10925,7 @@
 CONFIG_SRF08=m
 CONFIG_VCNL3020=m
 CONFIG_VL53L0X_I2C=m
+# CONFIG_VL53L1X_I2C is not set
 CONFIG_AW96103=m
 # end of Proximity and distance sensors
 
@@ -11029,10 +11007,12 @@
 #
 # PHY Subsystem
 #
+CONFIG_PHY_COMMON_PROPS=y
 CONFIG_GENERIC_PHY=y
 CONFIG_GENERIC_PHY_MIPI_DPHY=y
-CONFIG_USB_LGM_PHY=m
 CONFIG_PHY_CAN_TRANSCEIVER=m
+# CONFIG_PHY_GOOGLE_USB is not set
+CONFIG_USB_LGM_PHY=m
 
 #
 # PHY drivers for Broadcom platforms
@@ -11040,6 +11020,7 @@
 CONFIG_BCM_KONA_USB2_PHY=m
 # end of PHY drivers for Broadcom platforms
 
+CONFIG_PHY_INTEL_LGM_EMMC=m
 CONFIG_PHY_PXA_28NM_HSIC=m
 CONFIG_PHY_PXA_28NM_USB2=m
 CONFIG_PHY_CPCAP_USB=m
@@ -11047,7 +11028,6 @@
 CONFIG_PHY_QCOM_USB_HSIC=m
 CONFIG_PHY_SAMSUNG_USB2=m
 CONFIG_PHY_TUSB1210=m
-CONFIG_PHY_INTEL_LGM_EMMC=m
 # end of PHY Subsystem
 
 CONFIG_POWERCAP=y
@@ -11101,6 +11081,7 @@
 CONFIG_DEV_DAX_HMEM=m
 CONFIG_DEV_DAX_CXL=m
 CONFIG_DEV_DAX_HMEM_DEVICES=y
+CONFIG_DEV_DAX_FSDEV=m
 CONFIG_DEV_DAX_KMEM=m
 CONFIG_NVMEM=y
 CONFIG_NVMEM_SYSFS=y
@@ -11157,7 +11138,8 @@
 CONFIG_TEE_DMABUF_HEAPS=y
 CONFIG_OPTEE_STATIC_PROTMEM_POOL=y
 CONFIG_AMDTEE=m
-CONFIG_MULTIPLEXER=m
+CONFIG_MULTIPLEXER=y
+# CONFIG_MUX_CORE is not set
 
 #
 # Multiplexer drivers
@@ -11324,11 +11306,13 @@
 CONFIG_FAT_DEFAULT_UTF8=y
 CONFIG_EXFAT_FS=m
 CONFIG_EXFAT_DEFAULT_IOCHARSET="utf8"
+CONFIG_NTFS_FS=m
+# CONFIG_NTFS_DEBUG is not set
+# CONFIG_NTFS_FS_POSIX_ACL is not set
 CONFIG_NTFS3_FS=m
 # CONFIG_NTFS3_64BIT_CLUSTER is not set
 CONFIG_NTFS3_LZX_XPRESS=y
 CONFIG_NTFS3_FS_POSIX_ACL=y
-CONFIG_NTFS_FS=m
 # end of DOS/FAT/EXFAT/NT Filesystems
 
 #
@@ -11369,6 +11353,7 @@
 # CONFIG_ECRYPT_FS_MESSAGING is not set
 CONFIG_HFS_FS=m
 CONFIG_HFSPLUS_FS=m
+CONFIG_APFS_FS=m
 CONFIG_BEFS_FS=m
 # CONFIG_BEFS_DEBUG is not set
 # CONFIG_BFS_FS is not set
@@ -11464,7 +11449,7 @@
 CONFIG_NFS_V3_ACL=y
 CONFIG_NFS_V4=m
 CONFIG_NFS_SWAP=y
-CONFIG_NFS_V4_1=y
+CONFIG_NFS_V4_0=y
 CONFIG_NFS_V4_2=y
 CONFIG_PNFS_FILE_LAYOUT=m
 CONFIG_PNFS_BLOCK=m
@@ -11489,7 +11474,7 @@
 CONFIG_NFSD_V4_2_INTER_SSC=y
 CONFIG_NFSD_V4_SECURITY_LABEL=y
 # CONFIG_NFSD_LEGACY_CLIENT_TRACKING is not set
-# CONFIG_NFSD_V4_DELEG_TIMESTAMPS is not set
+# CONFIG_NFSD_V4_POSIX_ACLS is not set
 CONFIG_GRACE_PERIOD=m
 CONFIG_LOCKD=m
 CONFIG_LOCKD_V4=y
@@ -11531,6 +11516,7 @@
 CONFIG_SMB_SERVER_SMBDIRECT=y
 CONFIG_SMB_SERVER_CHECK_CAP_NET_ADMIN=y
 CONFIG_SMB_SERVER_KERBEROS5=y
+CONFIG_SMBDIRECT=m
 CONFIG_SMBFS=m
 CONFIG_CODA_FS=m
 CONFIG_AFS_FS=m
@@ -11736,7 +11722,6 @@
 # end of Kernel hardening options
 # end of Security options
 
-CONFIG_XOR_BLOCKS=y
 CONFIG_ASYNC_CORE=m
 CONFIG_ASYNC_MEMCPY=m
 CONFIG_ASYNC_XOR=m
@@ -11750,7 +11735,7 @@
 CONFIG_CRYPTO_ALGAPI=y
 CONFIG_CRYPTO_ALGAPI2=y
 CONFIG_CRYPTO_AEAD=m
-CONFIG_CRYPTO_AEAD2=y
+CONFIG_CRYPTO_AEAD2=m
 CONFIG_CRYPTO_SIG=y
 CONFIG_CRYPTO_SIG2=y
 CONFIG_CRYPTO_SKCIPHER=y
@@ -11759,13 +11744,12 @@
 CONFIG_CRYPTO_HASH2=y
 CONFIG_CRYPTO_RNG=y
 CONFIG_CRYPTO_RNG2=y
-CONFIG_CRYPTO_RNG_DEFAULT=y
 CONFIG_CRYPTO_AKCIPHER2=y
 CONFIG_CRYPTO_AKCIPHER=y
 CONFIG_CRYPTO_KPP2=y
 CONFIG_CRYPTO_KPP=y
 CONFIG_CRYPTO_ACOMP2=y
-CONFIG_CRYPTO_HKDF=m
+CONFIG_CRYPTO_ACOMP=m
 CONFIG_CRYPTO_MANAGER=y
 CONFIG_CRYPTO_MANAGER2=y
 CONFIG_CRYPTO_USER=m
@@ -11788,13 +11772,13 @@
 CONFIG_CRYPTO_ECDH=y
 CONFIG_CRYPTO_ECDSA=y
 CONFIG_CRYPTO_ECRDSA=m
+# CONFIG_CRYPTO_MLDSA is not set
 # end of Public-key cryptography
 
 #
 # Block ciphers
 #
 CONFIG_CRYPTO_AES=y
-CONFIG_CRYPTO_AES_TI=m
 CONFIG_CRYPTO_ARIA=m
 CONFIG_CRYPTO_BLOWFISH=m
 CONFIG_CRYPTO_BLOWFISH_COMMON=m
@@ -11825,7 +11809,6 @@
 CONFIG_CRYPTO_PCBC=m
 CONFIG_CRYPTO_XCTR=m
 CONFIG_CRYPTO_XTS=y
-CONFIG_CRYPTO_NHPOLY1305=m
 # end of Length-preserving ciphers and modes
 
 #
@@ -11846,17 +11829,15 @@
 #
 CONFIG_CRYPTO_BLAKE2B=y
 CONFIG_CRYPTO_CMAC=m
-CONFIG_CRYPTO_GHASH=m
 CONFIG_CRYPTO_HMAC=y
 CONFIG_CRYPTO_MD4=m
 CONFIG_CRYPTO_MD5=y
-CONFIG_CRYPTO_MICHAEL_MIC=m
 CONFIG_CRYPTO_RMD160=m
 CONFIG_CRYPTO_SHA1=y
 CONFIG_CRYPTO_SHA256=y
 CONFIG_CRYPTO_SHA512=y
 CONFIG_CRYPTO_SHA3=y
-CONFIG_CRYPTO_SM3_GENERIC=m
+# CONFIG_CRYPTO_SM3 is not set
 CONFIG_CRYPTO_STREEBOG=m
 CONFIG_CRYPTO_WP512=m
 CONFIG_CRYPTO_XCBC=m
@@ -11919,7 +11900,6 @@
 CONFIG_CRYPTO_CAMELLIA_AESNI_AVX2_X86_64=m
 CONFIG_CRYPTO_CAST5_AVX_X86_64=m
 CONFIG_CRYPTO_CAST6_AVX_X86_64=m
-CONFIG_CRYPTO_DES3_EDE_X86_64=m
 CONFIG_CRYPTO_SERPENT_SSE2_X86_64=m
 CONFIG_CRYPTO_SERPENT_AVX_X86_64=m
 CONFIG_CRYPTO_SERPENT_AVX2_X86_64=m
@@ -11932,10 +11912,6 @@
 CONFIG_CRYPTO_ARIA_AESNI_AVX2_X86_64=m
 CONFIG_CRYPTO_ARIA_GFNI_AVX512_X86_64=m
 CONFIG_CRYPTO_AEGIS128_AESNI_SSE2=m
-CONFIG_CRYPTO_NHPOLY1305_SSE2=m
-CONFIG_CRYPTO_NHPOLY1305_AVX2=m
-CONFIG_CRYPTO_SM3_AVX_X86_64=m
-CONFIG_CRYPTO_GHASH_CLMUL_NI_INTEL=m
 # end of Accelerated Cryptographic Algorithms for CPU (x86)
 
 CONFIG_CRYPTO_HW=y
@@ -11986,6 +11962,9 @@
 CONFIG_MODULE_SIG_KEY="certs/signing_key.pem"
 # CONFIG_MODULE_SIG_KEY_TYPE_RSA is not set
 CONFIG_MODULE_SIG_KEY_TYPE_ECDSA=y
+# CONFIG_MODULE_SIG_KEY_TYPE_MLDSA_44 is not set
+# CONFIG_MODULE_SIG_KEY_TYPE_MLDSA_65 is not set
+# CONFIG_MODULE_SIG_KEY_TYPE_MLDSA_87 is not set
 CONFIG_SYSTEM_TRUSTED_KEYRING=y
 CONFIG_SYSTEM_TRUSTED_KEYS=""
 # CONFIG_SYSTEM_EXTRA_CERTIFICATE is not set
@@ -11996,6 +11975,7 @@
 CONFIG_SYSTEM_REVOCATION_LIST=y
 CONFIG_SYSTEM_REVOCATION_KEYS=""
 CONFIG_SYSTEM_BLACKLIST_AUTH_UPDATE=y
+CONFIG_OPENSSL_SUPPORTS_ML_DSA=y
 # end of Certificates for signature checking
 
 CONFIG_CRYPTO_KRB5=m
@@ -12014,6 +11994,7 @@
 CONFIG_GENERIC_STRNLEN_USER=y
 CONFIG_GENERIC_NET_UTILS=y
 CONFIG_CORDIC=m
+CONFIG_POLYNOMIAL=m
 # CONFIG_PRIME_NUMBERS is not set
 CONFIG_RATIONAL=y
 CONFIG_GENERIC_IOMAP=y
@@ -12032,17 +12013,15 @@
 CONFIG_CRC64=y
 CONFIG_CRC64_ARCH=y
 CONFIG_CRC_OPTIMIZATIONS=y
-
-#
-# Crypto library routines
-#
 CONFIG_CRYPTO_HASH_INFO=y
 CONFIG_CRYPTO_LIB_UTILS=y
 CONFIG_CRYPTO_LIB_AES=y
+CONFIG_CRYPTO_LIB_AES_ARCH=y
 CONFIG_CRYPTO_LIB_AESCFB=y
+CONFIG_CRYPTO_LIB_AES_CBC_MACS=m
 CONFIG_CRYPTO_LIB_AESGCM=y
 CONFIG_CRYPTO_LIB_ARC4=m
-CONFIG_CRYPTO_LIB_GF128MUL=y
+CONFIG_CRYPTO_LIB_GF128MUL=m
 CONFIG_CRYPTO_LIB_BLAKE2B=y
 CONFIG_CRYPTO_LIB_BLAKE2S_ARCH=y
 CONFIG_CRYPTO_LIB_CHACHA=y
@@ -12051,13 +12030,15 @@
 CONFIG_CRYPTO_LIB_CURVE25519_ARCH=y
 CONFIG_CRYPTO_LIB_CURVE25519_GENERIC=y
 CONFIG_CRYPTO_LIB_DES=m
+CONFIG_CRYPTO_LIB_GF128HASH=y
+CONFIG_CRYPTO_LIB_GF128HASH_ARCH=y
 CONFIG_CRYPTO_LIB_MD5=y
+CONFIG_CRYPTO_LIB_NH=m
+CONFIG_CRYPTO_LIB_NH_ARCH=y
 CONFIG_CRYPTO_LIB_POLY1305=y
 CONFIG_CRYPTO_LIB_POLY1305_ARCH=y
 CONFIG_CRYPTO_LIB_POLY1305_GENERIC=y
 CONFIG_CRYPTO_LIB_POLY1305_RSIZE=11
-CONFIG_CRYPTO_LIB_POLYVAL=m
-CONFIG_CRYPTO_LIB_POLYVAL_ARCH=y
 CONFIG_CRYPTO_LIB_CHACHA20POLY1305=y
 CONFIG_CRYPTO_LIB_SHA1=y
 CONFIG_CRYPTO_LIB_SHA1_ARCH=y
@@ -12066,9 +12047,8 @@
 CONFIG_CRYPTO_LIB_SHA512=y
 CONFIG_CRYPTO_LIB_SHA512_ARCH=y
 CONFIG_CRYPTO_LIB_SHA3=y
-CONFIG_CRYPTO_LIB_SM3=m
-# end of Crypto library routines
-
+CONFIG_XOR_BLOCKS=y
+CONFIG_XOR_BLOCKS_ARCH=y
 CONFIG_XXHASH=y
 # CONFIG_RANDOM32_SELFTEST is not set
 CONFIG_842_COMPRESS=m
@@ -12150,7 +12130,6 @@
 CONFIG_CPU_RMAP=y
 CONFIG_DQL=y
 CONFIG_GLOB=y
-# CONFIG_GLOB_SELFTEST is not set
 CONFIG_NLATTR=y
 CONFIG_LRU_CACHE=m
 CONFIG_CLZ_TAB=y
@@ -12198,7 +12177,6 @@
 
 CONFIG_PLDMFW=y
 CONFIG_ASN1_ENCODER=m
-CONFIG_POLYNOMIAL=m
 CONFIG_FIRMWARE_TABLE=y
 CONFIG_UNION_FIND=y
 CONFIG_MIN_HEAP=y
@@ -12212,6 +12190,7 @@
 #
 CONFIG_PRINTK_TIME=y
 # CONFIG_PRINTK_CALLER is not set
+CONFIG_PRINTK_EXECUTION_CTX=y
 CONFIG_STACKTRACE_BUILD_ID=y
 CONFIG_CONSOLE_LOGLEVEL_DEFAULT=4
 CONFIG_CONSOLE_LOGLEVEL_QUIET=1
@@ -12242,7 +12221,6 @@
 # CONFIG_DEBUG_INFO_COMPRESSED_ZSTD is not set
 # CONFIG_DEBUG_INFO_SPLIT is not set
 CONFIG_DEBUG_INFO_BTF=y
-CONFIG_PAHOLE_HAS_SPLIT_BTF=y
 CONFIG_PAHOLE_HAS_LANG_EXCLUDE=y
 CONFIG_DEBUG_INFO_BTF_MODULES=y
 # CONFIG_MODULE_ALLOW_BTF_MISMATCH is not set
@@ -12344,7 +12322,7 @@
 CONFIG_LOCKUP_DETECTOR=y
 CONFIG_SOFTLOCKUP_DETECTOR=y
 CONFIG_SOFTLOCKUP_DETECTOR_INTR_STORM=y
-# CONFIG_BOOTPARAM_SOFTLOCKUP_PANIC is not set
+CONFIG_BOOTPARAM_SOFTLOCKUP_PANIC=0
 CONFIG_HAVE_HARDLOCKUP_DETECTOR_BUDDY=y
 CONFIG_HARDLOCKUP_DETECTOR=y
 # CONFIG_HARDLOCKUP_DETECTOR_PREFER_BUDDY is not set
@@ -12371,6 +12349,7 @@
 # end of Scheduler Debugging
 
 # CONFIG_DEBUG_PREEMPT is not set
+# CONFIG_DEBUG_ATOMIC is not set
 
 #
 # Lock Debugging (spinlocks, mutexes, etc...)
@@ -12438,6 +12417,7 @@
 CONFIG_HAVE_DYNAMIC_FTRACE=y
 CONFIG_HAVE_DYNAMIC_FTRACE_WITH_REGS=y
 CONFIG_HAVE_DYNAMIC_FTRACE_WITH_DIRECT_CALLS=y
+CONFIG_HAVE_SINGLE_FTRACE_DIRECT_OPS=y
 CONFIG_HAVE_DYNAMIC_FTRACE_WITH_ARGS=y
 CONFIG_HAVE_FTRACE_REGS_HAVING_PT_REGS=y
 CONFIG_HAVE_DYNAMIC_FTRACE_NO_PATCHABLE=y
@@ -12519,6 +12499,7 @@
 # CONFIG_KPROBE_EVENT_GEN_TEST is not set
 # CONFIG_HIST_TRIGGERS_DEBUG is not set
 # CONFIG_RV is not set
+# CONFIG_TRACE_REMOTE_TEST is not set
 # CONFIG_PROVIDE_OHCI1394_DMA_INIT is not set
 # CONFIG_SAMPLES is not set
 CONFIG_HAVE_SAMPLE_FTRACE_DIRECT=y
@@ -12565,7 +12546,6 @@
 CONFIG_RUNTIME_TESTING_MENU=y
 # CONFIG_TEST_DHRY is not set
 # CONFIG_LKDTM is not set
-# CONFIG_TEST_MIN_HEAP is not set
 # CONFIG_TEST_DIV64 is not set
 # CONFIG_TEST_MULDIV64 is not set
 # CONFIG_BACKTRACE_SELF_TEST is not set
@@ -12579,7 +12559,6 @@
 # CONFIG_TEST_HEXDUMP is not set
 # CONFIG_TEST_KSTRTOX is not set
 # CONFIG_TEST_BITMAP is not set
-# CONFIG_TEST_UUID is not set
 # CONFIG_TEST_XARRAY is not set
 # CONFIG_TEST_MAPLE_TREE is not set
 # CONFIG_TEST_RHASHTABLE is not set
@@ -12588,11 +12567,13 @@
 # CONFIG_TEST_LKM is not set
 # CONFIG_TEST_BITOPS is not set
 # CONFIG_TEST_VMALLOC is not set
+# CONFIG_TEST_WORKQUEUE is not set
 # CONFIG_TEST_BPF is not set
 # CONFIG_FIND_BIT_BENCHMARK is not set
 # CONFIG_FIND_BIT_BENCHMARK_RUST is not set
 # CONFIG_TEST_FIRMWARE is not set
 # CONFIG_TEST_SYSCTL is not set
+# CONFIG_LIVEUPDATE_TEST is not set
 # CONFIG_TEST_UDELAY is not set
 # CONFIG_TEST_STATIC_KEYS is not set
 # CONFIG_TEST_DYNAMIC_DEBUG is not set
@@ -12622,3 +12603,5 @@
 # end of Kernel hacking
 
 CONFIG_IO_URING_ZCRX=y
+CONFIG_IO_URING_BPF=y
+CONFIG_IO_URING_BPF_OPS=y
Prepared linux-t2 version 7.1.0-rc2-T2-1-t2
==> Sources are ready.
